// Jest Snapshot v1, https://goo.gl/fbAQLP

exports[`Wapiti should put error message 1`] = `
<div
  className="Wapiti_body-container__SUwYy FontStyles_regular-font__3G8fz"
>
  <div
    style={
      Object {
        "margin": "16px",
        "textAlign": "center",
      }
    }
  >
    Could not load the REST API spec
     
  </div>
</div>
`;

exports[`Wapiti should render correctly 1`] = `
<div
  className="Wapiti_body-container__SUwYy FontStyles_regular-font__3G8fz"
/>
`;
