// Jest Snapshot v1, https://goo.gl/fbAQLP

exports[`ApiRequest renders with rest GET 1`] = `
<div
  className="request col regular-font request-panel"
>
  <div
    className="title"
  >
    REQUEST
  </div>
  <div
    className="table-title top-gap"
  >
    QUERY-STRING PARAMETERS
  </div>
  <div
    style={
      Object {
        "display": "block",
        "maxWidth": "100%",
        "overflowX": "auto",
      }
    }
  >
    <table
      className="m-table"
      style={
        Object {
          "width": "100%",
          "wordBreak": "break-word",
        }
      }
    >
      <tr>
        <td
          style={
            Object {
              "minWidth": "100px",
            }
          }
        >
          <div
            className="param-name"
          >
            <span
              style={
                Object {
                  "color": "orangered",
                }
              }
            >
              *
            </span>
            limit
          </div>
          <div
            className="param-type"
          >
            integer int32
          </div>
        </td>
        <td
          style={
            Object {
              "minWidth": "100px",
            }
          }
        >
          <input
            className="request-param"
            spellCheck={false}
            style={
              Object {
                "width": "100%",
              }
            }
            type="text"
            value=""
          />
        </td>
        <td>
          <div
            className="param-constraint"
          />
        </td>
      </tr>
      <tr>
        <td
          style={
            Object {
              "border": "none",
            }
          }
        />
        <td
          colSpan={2}
          style={
            Object {
              "border": "none",
              "marginTop": "0",
              "padding": "0 5px",
            }
          }
        >
          <span
            className="m-markdown-small"
          >
            <DangerousHTML
              className=""
              html="<p>How many items to return at one time (max 100)</p>
"
              tagName="div"
            />
          </span>
        </td>
      </tr>
    </table>
  </div>
</div>
`;

exports[`ApiRequest renders with rest POST 1`] = `
<div
  className="request col regular-font request-panel"
>
  <div
    className="title"
  >
    REQUEST
  </div>
  <div
    className="table-title top-gap body_data"
  >
     
    BODY DATA 
     
  </div>
  <div
    className="m-markdown"
  >
     
    <DangerousHTML
      className=""
      html="<p>description</p>
"
      tagName="div"
    />
  </div>
  <div
    className="tab-panel col"
    style={
      Object {
        "borderWidth": "0",
        "minHeight": "200px",
      }
    }
  >
    <div
      className="tab-buttons row"
      id="tab_buttons"
      onClick={[Function]}
    >
      <button
        className="tab-btn active"
        id="tab_example"
      >
        EXAMPLE 
      </button>
      <button
        className="tab-btn"
        id="tab_model"
      >
        MODEL
      </button>
      <div
        style={
          Object {
            "flex": 1,
          }
        }
      >
         
      </div>
      <div
        style={
          Object {
            "alignSelf": "center",
            "color": "var(--light-fg)",
            "fontSize": "var(--small-font-size)",
            "marginTop": "8px",
          }
        }
      >
        application/json
      </div>
    </div>
    <div
      className="tab-content col"
      id="tab_example"
      style={
        Object {
          "flex": 1,
        }
      }
    />
    <div
      className="tab-content col"
      id="tab_model"
      style={
        Object {
          "display": "none",
          "flex": 1,
        }
      }
    >
      <SchemaTree
        data={
          Object {
            "id*": "integer int64~|~",
            "name*": "string~|~",
            "tag": "string~|~",
          }
        }
      />
    </div>
  </div>
</div>
`;
